// Jest Snapshot v1, https://goo.gl/fbAQLP

exports[`given a backend project formats code correctly 1`] = `
"const helloWorld = 'Hello World!';

console.log(helloWorld);
"
`;
